---
source: tests/version.rs
expression: snapshot
---
stdout:
eoclu 0.1.1

stderr:
