---
source: tests/version.rs
expression: snapshot
---
stdout:
eoclu 0.1.0

stderr:
